// Jest Snapshot v1, https://goo.gl/fbAQLP

exports[`baseFilterTest.graphql 1`] = `
Object {
  "data": Object {
    "backwardAssociation": Object {
      "nodes": Array [
        Object {
          "taggs": Object {
            "nodes": Array [
              Object {
                "content": "tagged on parent1",
              },
            ],
          },
          "uniqueTagg": Object {
            "content": "unique tagged on parent1",
          },
          "unorderTaggs": Object {
            "nodes": Array [
              Object {
                "content": "tagged on parent1",
              },
            ],
          },
        },
        Object {
          "taggs": Object {
            "nodes": Array [
              Object {
                "content": "2nd tagged on parent2",
              },
              Object {
                "content": "tagged on parent2",
              },
            ],
          },
          "uniqueTagg": null,
          "unorderTaggs": Object {
            "nodes": Array [
              Object {
                "content": "tagged on parent2",
              },
              Object {
                "content": "2nd tagged on parent2",
              },
            ],
          },
        },
      ],
    },
    "forwardAssociation": Object {
      "nodes": Array [
        Object {
          "parentAsTaggable": Object {
            "id": 1,
          },
        },
        Object {
          "parentAsTaggable": Object {
            "id": 2,
          },
        },
        Object {
          "parentAsTaggable": Object {
            "id": 2,
          },
        },
      ],
    },
  },
}
`;
