// Jest Snapshot v1, https://goo.gl/fbAQLP

exports[`baseFilterTest.graphql 1`] = `
Object {
  "data": Object {
    "backwardAssociation": Object {
      "nodes": Array [
        Object {
          "taggs": Object {
            "nodes": Array [
              Object {
                "content": "tagged on parent1",
              },
            ],
          },
          "uniqueTagg": Object {
            "content": "unique tagged on parent1",
          },
          "unorderTaggs": Object {
            "nodes": Array [
              Object {
                "content": "tagged on parent1",
              },
            ],
          },
        },
        Object {
          "taggs": Object {
            "nodes": Array [
              Object {
                "content": "2nd tagged on parent2",
              },
              Object {
                "content": "tagged on parent2",
              },
            ],
          },
          "uniqueTagg": null,
          "unorderTaggs": Object {
            "nodes": Array [
              Object {
                "content": "tagged on parent2",
              },
              Object {
                "content": "2nd tagged on parent2",
              },
            ],
          },
        },
        Object {
          "taggs": Object {
            "nodes": Array [],
          },
          "uniqueTagg": null,
          "unorderTaggs": Object {
            "nodes": Array [],
          },
        },
      ],
    },
    "backwardFilterOnPolymorphic": Object {
      "nodes": Array [
        Object {
          "id": 1,
        },
      ],
    },
    "backwardFilterOnPolymorphicEvery": Object {
      "nodes": Array [
        Object {
          "id": 2,
        },
        Object {
          "id": 3,
        },
      ],
    },
    "backwardFilterOnPolymorphicExist": Object {
      "nodes": Array [
        Object {
          "id": 1,
        },
        Object {
          "id": 2,
        },
      ],
    },
    "backwardFilterOnPolymorphicNone": Object {
      "nodes": Array [
        Object {
          "id": 1,
        },
        Object {
          "id": 3,
        },
      ],
    },
    "backwardFilterOnPolymorphicNotExist": Object {
      "nodes": Array [
        Object {
          "id": 3,
        },
      ],
    },
    "backwardUniqueOnPolymorphic": Object {
      "nodes": Array [
        Object {
          "id": 2,
          "name": "forward2",
        },
      ],
    },
    "distinctFromInsensitive": Object {
      "nodes": Array [
        Object {
          "id": 1,
        },
        Object {
          "id": 2,
        },
        Object {
          "id": 3,
        },
        Object {
          "id": 4,
        },
        Object {
          "id": 5,
        },
      ],
    },
    "forwardAssociation": Object {
      "nodes": Array [
        Object {
          "parentAsTaggable": Object {
            "id": 1,
          },
        },
        Object {
          "parentAsTaggable": Object {
            "id": 2,
          },
        },
        Object {
          "parentAsTaggable": Object {
            "id": 2,
          },
        },
      ],
    },
    "forwardFilterOnPolymorphic": Object {
      "nodes": Array [
        Object {
          "content": "tagged on parent2",
          "id": 2,
        },
        Object {
          "content": "2nd tagged on parent2",
          "id": 3,
        },
      ],
    },
  },
}
`;
